Java HotSpot(TM) 64-Bit Server VM (25.241-b07) for windows-amd64 JRE (1.8.0_241-b07), built on Dec 11 2019 10:21:40 by "rejava" with MS VC++ 10.0 (VS2010)
Memory: 4k page, physical 16621908k(5245820k free), swap 31301972k(12535396k free)
CommandLine flags: -XX:+HeapDumpOnOutOfMemoryError -XX:HeapDumpPath=D:/pdm -XX:InitialHeapSize=20971520 -XX:MaxHeapSize=20971520 -XX:MaxNewSize=15728640 -XX:MaxTenuringThreshold=15 -XX:NewSize=15728640 -XX:OldPLABSize=16 -XX:PretenureSizeThreshold=10485760 -XX:+PrintGC -XX:+PrintGCDetails -XX:+PrintGCTimeStamps -XX:SurvivorRatio=8 -XX:+UseCompressedClassPointers -XX:+UseCompressedOops -XX:+UseConcMarkSweepGC -XX:-UseLargePagesIndividualAllocation -XX:+UseParNewGC 
0.101: [GC (Allocation Failure) 0.101: [ParNew (promotion failed): 11501K->13037K(13824K), 0.0010503 secs]0.102: [CMS: 52K->99K(5120K), 0.0028056 secs] 11501K->9821K(18944K), [Metaspace: 3213K->3213K(1056768K)], 0.0039482 secs] [Times: user=0.00 sys=0.00, real=0.00 secs] 
0.105: [GC (Allocation Failure) 0.105: [ParNew (promotion failed): 10871K->12407K(13824K), 0.0008441 secs]0.106: [CMS: 187K->176K(5120K), 0.0022713 secs] 10970K->10846K(18944K), [Metaspace: 3214K->3214K(1056768K)], 0.0031584 secs] [Times: user=0.00 sys=0.00, real=0.00 secs] 
0.108: [Full GC (Allocation Failure) 0.108: [CMS: 176K->172K(5120K), 0.0019782 secs] 10846K->10828K(18944K), [Metaspace: 3214K->3214K(1056768K)], 0.0020145 secs] [Times: user=0.02 sys=0.00, real=0.00 secs] 
Heap
 par new generation   total 13824K, used 11095K [0x00000000fec00000, 0x00000000ffb00000, 0x00000000ffb00000)
  eden space 12288K,  90% used [0x00000000fec00000, 0x00000000ff6d5ff0, 0x00000000ff800000)
  from space 1536K,   0% used [0x00000000ff800000, 0x00000000ff800000, 0x00000000ff980000)
  to   space 1536K,   0% used [0x00000000ff980000, 0x00000000ff980000, 0x00000000ffb00000)
 concurrent mark-sweep generation total 5120K, used 172K [0x00000000ffb00000, 0x0000000100000000, 0x0000000100000000)
 Metaspace       used 3260K, capacity 4496K, committed 4864K, reserved 1056768K
  class space    used 353K, capacity 388K, committed 512K, reserved 1048576K
